// Jest Snapshot v1, https://goo.gl/fbAQLP

exports[`core/progress should render, with defaults 1`] = `
.c0 {
  text-align: left;
}

.c2 {
  margin: 15px 0 0;
}

.c1 {
  font-size: 1em;
  font-style: inherit;
  line-height: 1.1428571428571428;
  color: #172B4D;
  font-weight: 600;
  -webkit-letter-spacing: -0.003em;
  -moz-letter-spacing: -0.003em;
  -ms-letter-spacing: -0.003em;
  letter-spacing: -0.003em;
  margin-top: 16px;
  margin-bottom: 0;
}

.c3 {
  display: -webkit-box;
  display: -webkit-flex;
  display: -ms-flexbox;
  display: flex;
  -webkit-box-pack: justify;
  -webkit-justify-content: space-between;
  -ms-flex-pack: justify;
  justify-content: space-between;
  font-size: 0.7857142857142857em;
  font-style: inherit;
  line-height: 1.4545454545454546;
  color: #6B778C;
  font-weight: 700;
  margin-top: 16px;
  font-weight: 500;
  margin-top: 0.5rem;
}

<div
  class="c0"
>
  <p
    class="c1"
  >
    Request in progress
  </p>
  <div
    class="c2"
  >
    <div
      aria-valuemax="1"
      aria-valuemin="0"
      aria-valuenow="0"
      class="css-1656qb0"
      role="progressbar"
      tabindex="0"
    >
      <span
        class="css-1i5tcqv-Bar"
      />
      <span
        class="css-1p25adh-Bar"
      />
    </div>
  </div>
  <p
    class="c3"
  >
    <span>
      Processing...
    </span>
    <span>
      0% complete
    </span>
  </p>
</div>
`;
